20:40:12 **** Incremental Build of configuration Debug for project 008button_ISR ****
make -j7 all 
arm-none-eabi-gcc "../Src/main.c" -mcpu=cortex-m4 -std=gnu11 -g3 -DDEBUG -DSTM32 -DSTM32F407G_DISC1 -DSTM32F4 -DSTM32F407VGTx -c -I../Inc -O0 -ffunction-sections -fdata-sections -Wall -fstack-usage -MMD -MP -MF"Src/main.d" -MT"Src/main.o" --specs=nano.specs -mfpu=fpv4-sp-d16 -mfloat-abi=hard -mthumb -o "Src/main.o"
arm-none-eabi-gcc "../Src/syscalls.c" -mcpu=cortex-m4 -std=gnu11 -g3 -DDEBUG -DSTM32 -DSTM32F407G_DISC1 -DSTM32F4 -DSTM32F407VGTx -c -I../Inc -O0 -ffunction-sections -fdata-sections -Wall -fstack-usage -MMD -MP -MF"Src/syscalls.d" -MT"Src/syscalls.o" --specs=nano.specs -mfpu=fpv4-sp-d16 -mfloat-abi=hard -mthumb -o "Src/syscalls.o"
arm-none-eabi-gcc "../Src/sysmem.c" -mcpu=cortex-m4 -std=gnu11 -g3 -DDEBUG -DSTM32 -DSTM32F407G_DISC1 -DSTM32F4 -DSTM32F407VGTx -c -I../Inc -O0 -ffunction-sections -fdata-sections -Wall -fstack-usage -MMD -MP -MF"Src/sysmem.d" -MT"Src/sysmem.o" --specs=nano.specs -mfpu=fpv4-sp-d16 -mfloat-abi=hard -mthumb -o "Src/sysmem.o"
arm-none-eabi-gcc -o "008button_ISR.elf" @"objects.list"   -mcpu=cortex-m4 -T"/Users/seokhun/Desktop/coding/Embedded/Microcontroller Embedded C Programming - Absolute Beginners/My_workspace/target/008button_ISR/STM32F407VGTX_FLASH.ld" --specs=nosys.specs -Wl,-Map="008button_ISR.map" -Wl,--gc-sections -static --specs=nano.specs -mfpu=fpv4-sp-d16 -mfloat-abi=hard -mthumb -Wl,--start-group -lc -lm -Wl,--end-group
Finished building target: 008button_ISR.elf
 
arm-none-eabi-size   008button_ISR.elf 
arm-none-eabi-objdump -h -S  008button_ISR.elf  > "008button_ISR.list"
   text	   data	    bss	    dec	    hex	filename
   5576	    132	   1596	   7304	   1c88	008button_ISR.elf
Finished building: default.size.stdout
 
Finished building: 008button_ISR.list
 
20:40:20 **** Incremental Build of configuration Debug for project 008button_ISR ****
make -j7 all 
arm-none-eabi-size   008button_ISR.elf 
   text	   data	    bss	    dec	    hex	filename
   5576	    132	   1596	   7304	   1c88	008button_ISR.elf
Finished building: default.size.stdout
 
20:40:39 **** Build of configuration Debug for project 006pin_read ****
make -j7 all 
arm-none-eabi-gcc "../Src/main.c" -mcpu=cortex-m4 -std=gnu11 -g3 -DDEBUG -DSTM32 -DSTM32F407G_DISC1 -DSTM32F4 -DSTM32F407VGTx -c -I../Inc -O3 -ffunction-sections -fdata-sections -Wall -fstack-usage -MMD -MP -MF"Src/main.d" -MT"Src/main.o" --specs=nano.specs -mfpu=fpv4-sp-d16 -mfloat-abi=hard -mthumb -o "Src/main.o"
arm-none-eabi-gcc -o "006pin_read.elf" @"objects.list"   -mcpu=cortex-m4 -T"/Users/seokhun/Desktop/coding/Embedded/Microcontroller Embedded C Programming - Absolute Beginners/My_workspace/target/006pin_read/STM32F407VGTX_FLASH.ld" --specs=nosys.specs -Wl,-Map="006pin_read.map" -Wl,--gc-sections -static --specs=nano.specs -mfpu=fpv4-sp-d16 -mfloat-abi=hard -mthumb -Wl,--start-group -lc -lm -Wl,--end-group
Finished building target: 006pin_read.elf
 
arm-none-eabi-size   006pin_read.elf 
arm-none-eabi-objdump -h -S  006pin_read.elf  > "006pin_read.list"
   text	   data	    bss	    dec	    hex	filename
    764	      8	   1568	   2340	    924	006pin_read.elf
Finished building: default.size.stdout
 
Finished building: 006pin_read.list
 
20:41:50 **** Incremental Build of configuration Debug for project 008button_ISR ****
make -j7 all 
arm-none-eabi-size   008button_ISR.elf 
   text	   data	    bss	    dec	    hex	filename
   5576	    132	   1596	   7304	   1c88	008button_ISR.elf
Finished building: default.size.stdout
 
